
> issue-operations-suite@0.0.0 build
> tsc -p tsconfig.app.json && if ls src/widgets/*/index.html >/dev/null 2>&1; then vite build; else npm run copy:dist; fi && youtrack-app validate dist

vite v6.4.3 building for production...
transforming...
✓ 60 modules transformed.
rendering chunks...
computing gzip size...
../dist/widgets/github-actions/index.html                 0.49 kB │ gzip:  0.24 kB
../dist/widgets/issue-relations/index.html                0.49 kB │ gzip:  0.24 kB
../dist/widgets/time-logger/index.html                    0.57 kB │ gzip:  0.25 kB
../dist/widgets/critical-thresholds/index.html            0.59 kB │ gzip:  0.26 kB
../dist/widgets/assets/timeLogger-4Yjovtt6.css            0.21 kB │ gzip:  0.15 kB
../dist/widgets/assets/githubActions-Bu-PAYPS.css         0.24 kB │ gzip:  0.18 kB
../dist/widgets/assets/criticalThresholds-NFHOgEx7.css    0.29 kB │ gzip:  0.19 kB
../dist/widgets/assets/issueRelations--NOQdz9s.css        0.39 kB │ gzip:  0.24 kB
../dist/widgets/assets/controls-height-DtxBn3Vi.css     189.12 kB │ gzip: 26.98 kB
../dist/widgets/assets/issueRelations-DJeEHOqW.js         1.01 kB │ gzip:  0.58 kB
../dist/widgets/assets/githubActions-C-88u8ZW.js          1.26 kB │ gzip:  0.73 kB
../dist/widgets/assets/timeLogger-DfDd9hk5.js             1.26 kB │ gzip:  0.70 kB
../dist/widgets/assets/criticalThresholds-omNEpyXe.js     1.50 kB │ gzip:  0.74 kB
../dist/widgets/assets/button-v6WZsspm.js                14.01 kB │ gzip:  5.89 kB
../dist/widgets/assets/controls-height-iDv2o1Tz.js      144.79 kB │ gzip: 46.59 kB
[vite-plugin-static-copy] Copied 4 items.
[vite-plugin-static-copy] Copied 8 items.
✓ built in 801ms
Manifest is valid!
