
> issue-delivery-control-center@0.0.0 build
> tsc -p tsconfig.app.json && if ls src/widgets/*/index.html >/dev/null 2>&1; then vite build; else npm run copy:dist; fi && youtrack-app validate dist

vite v6.4.3 building for production...
transforming...
✓ 60 modules transformed.
rendering chunks...
computing gzip size...
../dist/widgets/global-time-logger/index.html                        0.51 kB │ gzip:  0.26 kB
../dist/widgets/github-action-tracker/index.html                     0.51 kB │ gzip:  0.26 kB
../dist/widgets/issue-relation-visualizer/index.html                 0.51 kB │ gzip:  0.26 kB
../dist/widgets/critical-threshold-configurator/index.html           0.52 kB │ gzip:  0.25 kB
../dist/widgets/assets/criticalThresholdConfigurator-CfPrtlJR.css    1.28 kB │ gzip:  0.51 kB
../dist/widgets/assets/controls-height-DtxBn3Vi.css                189.12 kB │ gzip: 26.98 kB
../dist/widgets/assets/criticalThresholdConfigurator-C9hTu738.js     1.16 kB │ gzip:  0.66 kB
../dist/widgets/assets/issueRelationVisualizer-D1MK6qTl.js           1.30 kB │ gzip:  0.68 kB
../dist/widgets/assets/githubActionTracker-BVn4yp56.js               1.53 kB │ gzip:  0.83 kB
../dist/widgets/assets/globalTimeLogger-CZz6IdQ6.js                 15.69 kB │ gzip:  6.63 kB
../dist/widgets/assets/controls-height-iDv2o1Tz.js                 144.79 kB │ gzip: 46.59 kB
[vite-plugin-static-copy] Copied 4 items.
[vite-plugin-static-copy] Copied 8 items.
✓ built in 399ms
Manifest is valid!

EXIT_STATUS=0
