
> issue-delivery-control-center@0.0.0 pack
> rm -rf issue-delivery-control-center.zip && cd dist/ && bestzip ../issue-delivery-control-center.zip *

Writing backend.js, critical-time-monitor.js, email-action.js, entity-extensions.json, icon.svg, manifest.json, settings.json, time-tracking-global.js, widgets to ../issue-delivery-control-center.zip...
zipped!

EXIT_STATUS=0
=== archive contents ===
Archive:  issue-delivery-control-center.zip
  Length      Date    Time    Name
---------  ---------- -----   ----
      482  07-30-2026 20:49   backend.js
     1693  07-30-2026 20:49   critical-time-monitor.js
     1152  07-30-2026 20:49   email-action.js
      205  07-30-2026 20:49   entity-extensions.json
      993  07-30-2026 20:49   icon.svg
     2323  07-30-2026 20:49   manifest.json
     1212  07-30-2026 20:49   settings.json
     1724  07-30-2026 20:49   time-tracking-global.js
        0  07-30-2026 20:49   widgets/
        0  07-30-2026 20:49   widgets/global-time-logger/
      506  07-30-2026 20:49   widgets/global-time-logger/index.html
      993  07-30-2026 20:49   widgets/global-time-logger/widget-icon.svg
        0  07-30-2026 20:49   widgets/issue-relation-visualizer/
      513  07-30-2026 20:49   widgets/issue-relation-visualizer/index.html
      993  07-30-2026 20:49   widgets/issue-relation-visualizer/widget-icon.svg
        0  07-30-2026 20:49   widgets/github-action-tracker/
      509  07-30-2026 20:49   widgets/github-action-tracker/index.html
      993  07-30-2026 20:49   widgets/github-action-tracker/widget-icon.svg
        0  07-30-2026 20:49   widgets/critical-threshold-configurator/
      519  07-30-2026 20:49   widgets/critical-threshold-configurator/index.html
      993  07-30-2026 20:49   widgets/critical-threshold-configurator/widget-icon.svg
        0  07-30-2026 20:49   widgets/assets/
     1163  07-30-2026 20:49   widgets/assets/criticalThresholdConfigurator-C9hTu738.js
     1525  07-30-2026 20:49   widgets/assets/githubActionTracker-BVn4yp56.js
    15686  07-30-2026 20:49   widgets/assets/globalTimeLogger-CZz6IdQ6.js
     1304  07-30-2026 20:49   widgets/assets/issueRelationVisualizer-D1MK6qTl.js
     1278  07-30-2026 20:49   widgets/assets/criticalThresholdConfigurator-CfPrtlJR.css
   189116  07-30-2026 20:49   widgets/assets/controls-height-DtxBn3Vi.css
   144785  07-30-2026 20:49   widgets/assets/controls-height-iDv2o1Tz.js
---------                     -------
   370660                     29 files
=== archive manifest ===
{
  "name": "issue-delivery-control-center",
  "title": "Issue Delivery Control Center",
  "description": "Visualizes issue relations, GitHub pull request activity, time tracking, and critical time thresholds.",
  "$schema": "https://json.schemastore.org/youtrack-app.json",
  "vendor": {
    "name": "YouTrack App Team",
    "url": "https://www.jetbrains.com/youtrack"
  },
  "icon": "icon.svg",
  "widgets": [
    {
      "key": "issue-relation-visualizer",
      "name": "Issue Relation Visualizer",
      "indexPath": "issue-relation-visualizer/index.html",
      "extensionPoint": "ISSUE_BELOW_SUMMARY",
      "iconPath": "issue-relation-visualizer/widget-icon.svg",
      "description": "Visual dependency graph for the selected issue.",
      "permissions": [
        "READ_ISSUE"
      ],
      "expectedDimensions": {
        "width": 900,
        "height": 380
      }
    },
    {
      "key": "github-action-tracker",
      "name": "GitHub Action Tracker",
      "indexPath": "github-action-tracker/index.html",
      "extensionPoint": "ISSUE_ABOVE_ACTIVITY_STREAM",
      "iconPath": "github-action-tracker/widget-icon.svg",
      "description": "Linked pull request and GitHub action status tracker.",
      "permissions": [
        "READ_ISSUE"
      ],
      "expectedDimensions": {
        "width": 900,
        "height": 320
      }
    },
    {
      "key": "global-time-logger",
      "name": "Global Time Logger",
      "indexPath": "global-time-logger/index.html",
      "extensionPoint": "MAIN_MENU_ITEM",
      "iconPath": "global-time-logger/widget-icon.svg",
      "description": "Select an issue and log spent time.",
      "permissions": [
        "UPDATE_ISSUE"
      ],
      "expectedDimensions": {
        "width": 900,
        "height": 600
      }
    },
    {
      "key": "critical-threshold-configurator",
      "name": "Critical Threshold Configurator",
      "indexPath": "critical-threshold-configurator/index.html",
      "extensionPoint": "DASHBOARD_WIDGET",
      "iconPath": "critical-threshold-configurator/widget-icon.svg",
      "description": "Configure and review critical time-spent boundaries.",
      "permissions": [
        "UPDATE_PROJECT"
      ],
      "defaultDimensions": {
        "width": "8fr",
        "height": "5fr"
      }
    }
  ],
  "version": "1.0.0"
}
