
> issue-ops-suite@0.0.0 build
> tsc -p tsconfig.app.json && if ls src/widgets/*/index.html >/dev/null 2>&1; then vite build; else npm run copy:dist; fi && youtrack-app validate dist

vite v6.4.3 building for production...
transforming...
✓ 79 modules transformed.
rendering chunks...
computing gzip size...
../dist/widgets/github-action-tracker/index.html                     0.48 kB │ gzip:  0.24 kB
../dist/widgets/issue-relation-visualizer/index.html                 0.49 kB │ gzip:  0.24 kB
../dist/widgets/global-time-logger/index.html                        0.56 kB │ gzip:  0.25 kB
../dist/widgets/critical-threshold-configurator/index.html           0.59 kB │ gzip:  0.26 kB
../dist/widgets/assets/criticalThresholdConfigurator-pbDBtHq3.css    0.50 kB │ gzip:  0.21 kB
../dist/widgets/assets/globalTimeLogger-D37vJyL9.css                 0.75 kB │ gzip:  0.31 kB
../dist/widgets/assets/issueRelationVisualizer-lMZp3OJP.css          0.89 kB │ gzip:  0.34 kB
../dist/widgets/assets/githubActionTracker-5wcJUIg7.css              1.41 kB │ gzip:  0.46 kB
../dist/widgets/assets/text-DtxBn3Vi.css                           189.12 kB │ gzip: 26.98 kB
../dist/widgets/assets/globalTimeLogger-DYoecdFw.js                  3.23 kB │ gzip:  1.41 kB
../dist/widgets/assets/issueRelationVisualizer-GS3g7Xs2.js           3.25 kB │ gzip:  1.56 kB
../dist/widgets/assets/githubActionTracker-DmCXG5y7.js               3.31 kB │ gzip:  1.33 kB
../dist/widgets/assets/criticalThresholdConfigurator-DKo7gbD2.js     6.34 kB │ gzip:  2.54 kB
../dist/widgets/assets/input-_wCbf37n.js                             8.03 kB │ gzip:  3.76 kB
../dist/widgets/assets/text-DSrQaJh1.js                            160.06 kB │ gzip: 52.69 kB
[vite-plugin-static-copy] Copied 4 items.
[vite-plugin-static-copy] Copied 8 items.
✓ built in 465ms
Manifest is valid!
