
> issue-operations-hub@0.0.0 build
> tsc -p tsconfig.app.json && if ls src/widgets/*/index.html >/dev/null 2>&1; then vite build; else npm run copy:dist; fi && youtrack-app validate dist

vite v6.4.3 building for production...
transforming...
✓ 60 modules transformed.
rendering chunks...
computing gzip size...
../dist/widgets/global-time-logger/index.html                        0.49 kB │ gzip:  0.26 kB
../dist/widgets/issue-relation-visualizer/index.html                 0.49 kB │ gzip:  0.24 kB
../dist/widgets/github-action-tracker/index.html                     0.49 kB │ gzip:  0.26 kB
../dist/widgets/critical-threshold-configurator/index.html           0.50 kB │ gzip:  0.25 kB
../dist/widgets/assets/criticalThresholdConfigurator-CAa44GLH.css    0.11 kB │ gzip:  0.11 kB
../dist/widgets/assets/issueRelationVisualizer-DJds1Kvj.css          0.97 kB │ gzip:  0.37 kB
../dist/widgets/assets/button-DtxBn3Vi.css                         189.12 kB │ gzip: 26.98 kB
../dist/widgets/assets/githubActionTracker-DdvepWdP.js               1.12 kB │ gzip:  0.65 kB
../dist/widgets/assets/globalTimeLogger-BrPx-5V7.js                  1.19 kB │ gzip:  0.65 kB
../dist/widgets/assets/issueRelationVisualizer-iPRU1jaz.js           1.22 kB │ gzip:  0.66 kB
../dist/widgets/assets/criticalThresholdConfigurator-BkwbLX3E.js     1.23 kB │ gzip:  0.69 kB
../dist/widgets/assets/button-Dh-VKG4w.js                          158.95 kB │ gzip: 52.29 kB
[vite-plugin-static-copy] Copied 4 items.
[vite-plugin-static-copy] Copied 9 items.
✓ built in 397ms
Manifest is valid!
